// Jest Snapshot v1, https://goo.gl/fbAQLP

exports[`retrieve user from api 1`] = `
Object {
  "ad": Object {
    "company": "StatusCode Weekly",
    "text": "A weekly newsletter focusing on software development, infrastructure, the server, performance, and the stack end of things.",
    "url": "http://statuscode.org/",
  },
  "data": Object {
    "avatar": "https://s3.amazonaws.com/uifaces/faces/twitter/josephstein/128.jpg",
    "email": "janet.weaver@reqres.in",
    "first_name": "Janet",
    "id": 2,
    "last_name": "Weaver",
  },
}
`;
