// Jest Snapshot v1, https://goo.gl/fbAQLP

exports[`render react component 1`] = `
<div>
  <h1>
    Georges
  </h1>
</div>
`;
