// Jest Snapshot v1, https://goo.gl/fbAQLP

exports[`format a list 1`] = `
"* key1 => value1
* key3 => value3
* key4 => value4
* key5 => value5"
`;
